// Jest Snapshot v1, https://goo.gl/fbAQLP

exports[`Should test component render 1`] = `
<div
  className="border-1 pb-6 pt-6 sheet"
  data-testid="loadingState"
>
  <span
    aria-hidden="true"
    className="loading-animation"
  />
</div>
`;
